     1                                  section .text
     2                                  global main
     3                                  extern printf
     4                                  
     5                                  main:
     6 00000000 41B900000000              mov r9, 0
     7 00000006 41BA00000000              mov r10, 0
     8                                  i0:
     9 0000000C 4983F901                cmp r9, 1
    10 00000010 0F84AD000000            je i22
    11                                  
    12                                  
    13                                  i1:
    14 00000016 49FFC1                  inc r9
    15                                  
    16                                  i2:
    17 00000019 4C89C8                  mov rax, r9
    18 0000001C 41B803000000            mov r8, 3
    19 00000022 49F7E0                  mul r8
    20 00000025 4989C1                  mov r9, rax
    21                                  
    22                                  
    23                                  i3:
    24 00000028 4C89C8                  mov rax, r9
    25 0000002B 41B803000000            mov r8, 3
    26 00000031 49F7E0                  mul r8
    27 00000034 4989C1                  mov r9, rax
    28                                  
    29                                  
    30                                  i4:
    31 00000037 4C89C8                  mov rax, r9
    32 0000003A 41B803000000            mov r8, 3
    33 00000040 49F7E0                  mul r8
    34 00000043 4989C1                  mov r9, rax
    35                                  
    36                                  
    37                                  i5:
    38 00000046 49FFC1                  inc r9
    39                                  
    40                                  i6:
    41 00000049 4C89C8                  mov rax, r9
    42 0000004C 41B803000000            mov r8, 3
    43 00000052 49F7E0                  mul r8
    44 00000055 4989C1                  mov r9, rax
    45                                  
    46                                  
    47                                  i7:
    48 00000058 49FFC1                  inc r9
    49                                  
    50                                  i8:
    51 0000005B 4C89C8                  mov rax, r9
    52 0000005E 41B803000000            mov r8, 3
    53 00000064 49F7E0                  mul r8
    54 00000067 4989C1                  mov r9, rax
    55                                  
    56                                  
    57                                  i9:
    58 0000006A 49FFC1                  inc r9
    59                                  
    60                                  i10:
    61 0000006D 49FFC1                  inc r9
    62                                  
    63                                  i11:
    64 00000070 4C89C8                  mov rax, r9
    65 00000073 41B803000000            mov r8, 3
    66 00000079 49F7E0                  mul r8
    67 0000007C 4989C1                  mov r9, rax
    68                                  
    69                                  
    70                                  i12:
    71 0000007F 49FFC1                  inc r9
    72                                  
    73                                  i13:
    74 00000082 49FFC1                  inc r9
    75                                  
    76                                  i14:
    77 00000085 4C89C8                  mov rax, r9
    78 00000088 41B803000000            mov r8, 3
    79 0000008E 49F7E0                  mul r8
    80 00000091 4989C1                  mov r9, rax
    81                                  
    82                                  
    83                                  i15:
    84 00000094 49FFC1                  inc r9
    85                                  
    86                                  i16:
    87 00000097 49FFC1                  inc r9
    88                                  
    89                                  i17:
    90 0000009A 4C89C8                  mov rax, r9
    91 0000009D 41B803000000            mov r8, 3
    92 000000A3 49F7E0                  mul r8
    93 000000A6 4989C1                  mov r9, rax
    94                                  
    95                                  
    96                                  i18:
    97 000000A9 49FFC1                  inc r9
    98                                  
    99                                  i19:
   100 000000AC 49FFC1                  inc r9
   101                                  
   102                                  i20:
   103 000000AF 4C89C8                  mov rax, r9
   104 000000B2 41B803000000            mov r8, 3
   105 000000B8 49F7E0                  mul r8
   106 000000BB 4989C1                  mov r9, rax
   107                                  
   108                                  
   109                                  i21:
   110 000000BE E9AE000000              jmp i40
   111                                  
   112                                  i22:
   113 000000C3 4C89C8                  mov rax, r9
   114 000000C6 41B803000000            mov r8, 3
   115 000000CC 49F7E0                  mul r8
   116 000000CF 4989C1                  mov r9, rax
   117                                  
   118                                  
   119                                  i23:
   120 000000D2 4C89C8                  mov rax, r9
   121 000000D5 41B803000000            mov r8, 3
   122 000000DB 49F7E0                  mul r8
   123 000000DE 4989C1                  mov r9, rax
   124                                  
   125                                  
   126                                  i24:
   127 000000E1 4C89C8                  mov rax, r9
   128 000000E4 41B803000000            mov r8, 3
   129 000000EA 49F7E0                  mul r8
   130 000000ED 4989C1                  mov r9, rax
   131                                  
   132                                  
   133                                  i25:
   134 000000F0 4C89C8                  mov rax, r9
   135 000000F3 41B803000000            mov r8, 3
   136 000000F9 49F7E0                  mul r8
   137 000000FC 4989C1                  mov r9, rax
   138                                  
   139                                  
   140                                  i26:
   141 000000FF 49FFC1                  inc r9
   142                                  
   143                                  i27:
   144 00000102 49FFC1                  inc r9
   145                                  
   146                                  i28:
   147 00000105 4C89C8                  mov rax, r9
   148 00000108 41B803000000            mov r8, 3
   149 0000010E 49F7E0                  mul r8
   150 00000111 4989C1                  mov r9, rax
   151                                  
   152                                  
   153                                  i29:
   154 00000114 49FFC1                  inc r9
   155                                  
   156                                  i30:
   157 00000117 4C89C8                  mov rax, r9
   158 0000011A 41B803000000            mov r8, 3
   159 00000120 49F7E0                  mul r8
   160 00000123 4989C1                  mov r9, rax
   161                                  
   162                                  
   163                                  i31:
   164 00000126 49FFC1                  inc r9
   165                                  
   166                                  i32:
   167 00000129 49FFC1                  inc r9
   168                                  
   169                                  i33:
   170 0000012C 4C89C8                  mov rax, r9
   171 0000012F 41B803000000            mov r8, 3
   172 00000135 49F7E0                  mul r8
   173 00000138 4989C1                  mov r9, rax
   174                                  
   175                                  
   176                                  i34:
   177 0000013B 49FFC1                  inc r9
   178                                  
   179                                  i35:
   180 0000013E 49FFC1                  inc r9
   181                                  
   182                                  i36:
   183 00000141 4C89C8                  mov rax, r9
   184 00000144 41B803000000            mov r8, 3
   185 0000014A 49F7E0                  mul r8
   186 0000014D 4989C1                  mov r9, rax
   187                                  
   188                                  
   189                                  i37:
   190 00000150 49FFC1                  inc r9
   191                                  
   192                                  i38:
   193 00000153 4C89C8                  mov rax, r9
   194 00000156 41B803000000            mov r8, 3
   195 0000015C 49F7E0                  mul r8
   196 0000015F 4989C1                  mov r9, rax
   197                                  
   198                                  
   199                                  i39:
   200 00000162 4C89C8                  mov rax, r9
   201 00000165 41B803000000            mov r8, 3
   202 0000016B 49F7E0                  mul r8
   203 0000016E 4989C1                  mov r9, rax
   204                                  
   205                                  
   206                                  i40:
   207 00000171 4983F901                cmp r9, 1
   208 00000175 7436                    je end
   209                                  
   210                                  
   211                                  i41:
   212 00000177 49FFC2                  inc r10
   213                                  
   214                                  i42:
   215 0000017A 49F7C101000000          test r9, 1
   216 00000181 7414                    jz i46
   217                                  
   218                                  
   219                                  i43:
   220 00000183 4C89C8                  mov rax, r9
   221 00000186 41B803000000            mov r8, 3
   222 0000018C 49F7E0                  mul r8
   223 0000018F 4989C1                  mov r9, rax
   224                                  
   225                                  
   226                                  i44:
   227 00000192 49FFC1                  inc r9
   228                                  
   229                                  i45:
   230 00000195 EB14                    jmp i47
   231                                  
   232                                  i46:
   233 00000197 4C89C8                  mov rax, r9
   234 0000019A BA00000000              mov rdx, 0
   235 0000019F 41B802000000            mov r8, 2
   236 000001A5 49F7F0                  div r8
   237 000001A8 4989C1                  mov r9, rax
   238                                  
   239                                  
   240                                  i47:
   241 000001AB EBC4                    jmp i40
   242                                  
   243                                  
   244                                  end:
   245 000001AD 4C89D6                    mov rsi, r10
   246 000001B0 48BF-                     mov rdi, message
   246 000001B2 [C501000000000000] 
   247 000001BA B800000000                mov rax, 0
   248 000001BF E8(00000000)              call printf
   249 000001C4 C3                        ret
   250                                  
   251 000001C5 25640A00                message db "%d", 10, 0
