     1                                  section .text
     2                                  global main
     3                                  extern printf
     4                                  
     5                                  main:
     6 00000000 B800000000                mov eax, 0
     7 00000005 BB00000000                mov ebx, 0
     8                                  i0:
     9 0000000A 83FB01                  cmp ebx, 1
    10 0000000D 0F8490000000            je i22
    11                                  
    12                                  
    13                                  i1:
    14 00000013 FFC3                    inc ebx
    15                                  
    16                                  i2:
    17 00000015 89D8                    mov eax, ebx
    18 00000017 41B803000000            mov r8, 3
    19 0000001D 49F7E0                  mul r8
    20 00000020 89C3                    mov ebx, eax
    21                                  
    22                                  
    23                                  i3:
    24 00000022 89D8                    mov eax, ebx
    25 00000024 41B803000000            mov r8, 3
    26 0000002A 49F7E0                  mul r8
    27 0000002D 89C3                    mov ebx, eax
    28                                  
    29                                  
    30                                  i4:
    31 0000002F 89D8                    mov eax, ebx
    32 00000031 41B803000000            mov r8, 3
    33 00000037 49F7E0                  mul r8
    34 0000003A 89C3                    mov ebx, eax
    35                                  
    36                                  
    37                                  i5:
    38 0000003C FFC3                    inc ebx
    39                                  
    40                                  i6:
    41 0000003E 89D8                    mov eax, ebx
    42 00000040 41B803000000            mov r8, 3
    43 00000046 49F7E0                  mul r8
    44 00000049 89C3                    mov ebx, eax
    45                                  
    46                                  
    47                                  i7:
    48 0000004B FFC3                    inc ebx
    49                                  
    50                                  i8:
    51 0000004D 89D8                    mov eax, ebx
    52 0000004F 41B803000000            mov r8, 3
    53 00000055 49F7E0                  mul r8
    54 00000058 89C3                    mov ebx, eax
    55                                  
    56                                  
    57                                  i9:
    58 0000005A FFC3                    inc ebx
    59                                  
    60                                  i10:
    61 0000005C FFC3                    inc ebx
    62                                  
    63                                  i11:
    64 0000005E 89D8                    mov eax, ebx
    65 00000060 41B803000000            mov r8, 3
    66 00000066 49F7E0                  mul r8
    67 00000069 89C3                    mov ebx, eax
    68                                  
    69                                  
    70                                  i12:
    71 0000006B FFC3                    inc ebx
    72                                  
    73                                  i13:
    74 0000006D FFC3                    inc ebx
    75                                  
    76                                  i14:
    77 0000006F 89D8                    mov eax, ebx
    78 00000071 41B803000000            mov r8, 3
    79 00000077 49F7E0                  mul r8
    80 0000007A 89C3                    mov ebx, eax
    81                                  
    82                                  
    83                                  i15:
    84 0000007C FFC3                    inc ebx
    85                                  
    86                                  i16:
    87 0000007E FFC3                    inc ebx
    88                                  
    89                                  i17:
    90 00000080 89D8                    mov eax, ebx
    91 00000082 41B803000000            mov r8, 3
    92 00000088 49F7E0                  mul r8
    93 0000008B 89C3                    mov ebx, eax
    94                                  
    95                                  
    96                                  i18:
    97 0000008D FFC3                    inc ebx
    98                                  
    99                                  i19:
   100 0000008F FFC3                    inc ebx
   101                                  
   102                                  i20:
   103 00000091 89D8                    mov eax, ebx
   104 00000093 41B803000000            mov r8, 3
   105 00000099 49F7E0                  mul r8
   106 0000009C 89C3                    mov ebx, eax
   107                                  
   108                                  
   109                                  i21:
   110 0000009E E992000000              jmp i40
   111                                  
   112                                  i22:
   113 000000A3 89D8                    mov eax, ebx
   114 000000A5 41B803000000            mov r8, 3
   115 000000AB 49F7E0                  mul r8
   116 000000AE 89C3                    mov ebx, eax
   117                                  
   118                                  
   119                                  i23:
   120 000000B0 89D8                    mov eax, ebx
   121 000000B2 41B803000000            mov r8, 3
   122 000000B8 49F7E0                  mul r8
   123 000000BB 89C3                    mov ebx, eax
   124                                  
   125                                  
   126                                  i24:
   127 000000BD 89D8                    mov eax, ebx
   128 000000BF 41B803000000            mov r8, 3
   129 000000C5 49F7E0                  mul r8
   130 000000C8 89C3                    mov ebx, eax
   131                                  
   132                                  
   133                                  i25:
   134 000000CA 89D8                    mov eax, ebx
   135 000000CC 41B803000000            mov r8, 3
   136 000000D2 49F7E0                  mul r8
   137 000000D5 89C3                    mov ebx, eax
   138                                  
   139                                  
   140                                  i26:
   141 000000D7 FFC3                    inc ebx
   142                                  
   143                                  i27:
   144 000000D9 FFC3                    inc ebx
   145                                  
   146                                  i28:
   147 000000DB 89D8                    mov eax, ebx
   148 000000DD 41B803000000            mov r8, 3
   149 000000E3 49F7E0                  mul r8
   150 000000E6 89C3                    mov ebx, eax
   151                                  
   152                                  
   153                                  i29:
   154 000000E8 FFC3                    inc ebx
   155                                  
   156                                  i30:
   157 000000EA 89D8                    mov eax, ebx
   158 000000EC 41B803000000            mov r8, 3
   159 000000F2 49F7E0                  mul r8
   160 000000F5 89C3                    mov ebx, eax
   161                                  
   162                                  
   163                                  i31:
   164 000000F7 FFC3                    inc ebx
   165                                  
   166                                  i32:
   167 000000F9 FFC3                    inc ebx
   168                                  
   169                                  i33:
   170 000000FB 89D8                    mov eax, ebx
   171 000000FD 41B803000000            mov r8, 3
   172 00000103 49F7E0                  mul r8
   173 00000106 89C3                    mov ebx, eax
   174                                  
   175                                  
   176                                  i34:
   177 00000108 FFC3                    inc ebx
   178                                  
   179                                  i35:
   180 0000010A FFC3                    inc ebx
   181                                  
   182                                  i36:
   183 0000010C 89D8                    mov eax, ebx
   184 0000010E 41B803000000            mov r8, 3
   185 00000114 49F7E0                  mul r8
   186 00000117 89C3                    mov ebx, eax
   187                                  
   188                                  
   189                                  i37:
   190 00000119 FFC3                    inc ebx
   191                                  
   192                                  i38:
   193 0000011B 89D8                    mov eax, ebx
   194 0000011D 41B803000000            mov r8, 3
   195 00000123 49F7E0                  mul r8
   196 00000126 89C3                    mov ebx, eax
   197                                  
   198                                  
   199                                  i39:
   200 00000128 89D8                    mov eax, ebx
   201 0000012A 41B803000000            mov r8, 3
   202 00000130 49F7E0                  mul r8
   203 00000133 89C3                    mov ebx, eax
   204                                  
   205                                  
   206                                  i40:
   207 00000135 83FB01                  cmp ebx, 1
   208 00000138 742A                    je i48
   209                                  
   210                                  
   211                                  i41:
   212 0000013A FFC1                    inc ecx
   213                                  
   214                                  i42:
   215 0000013C F7C301000000            test ebx, 1
   216 00000142 7411                    jz i46
   217                                  
   218                                  
   219                                  i43:
   220 00000144 89D8                    mov eax, ebx
   221 00000146 41B803000000            mov r8, 3
   222 0000014C 49F7E0                  mul r8
   223 0000014F 89C3                    mov ebx, eax
   224                                  
   225                                  
   226                                  i44:
   227 00000151 FFC3                    inc ebx
   228                                  
   229                                  i45:
   230 00000153 EB0D                    jmp i47
   231                                  
   232                                  i46:
   233 00000155 89D8                    mov eax, ebx
   234 00000157 41B802000000            mov r8, 2
   235 0000015D 49F7F0                  div r8
   236 00000160 89C3                    mov ebx, eax
   237                                  
   238                                  
   239                                  i47:
   240 00000162 EBD1                    jmp i40
   241                                  
   242                                  
   243                                  i48:
   244                                  end:
   245 00000164 89CE                      mov esi, ecx
   246 00000166 BF[76010000]              mov edi, message
   247 0000016B B800000000                mov eax, 0
   248 00000170 E8(00000000)              call printf
   249 00000175 C3                        ret
   250                                  
   251 00000176 25640A00                message db "%d", 10, 0
